
*** crates/nix-ninja-task/src/patchelf.rs:151:5: replace assemble_rpath -> Option<Vec<String>> with Some(vec![])

*** mutation diff:
--- crates/nix-ninja-task/src/patchelf.rs
+++ replace assemble_rpath -> Option<Vec<String>> with Some(vec![])
@@ -143,29 +143,17 @@
 /// PURE, AND SEPARATE FROM THE ELF READING, so the retention rule can be
 /// pinned where it is actually applied. Nine tests covered `retained_entries`
 /// in isolation and NOTHING covered the fact that this function calls it: a
 /// mutation replacing the call with `current_rpath.to_vec()` left the whole
 /// suite green while restoring the defect `f8bb3bd` fixed - an empty RPATH
 /// element, which the loader reads as the CURRENT DIRECTORY, written into a
 /// store output. The build succeeds and the artifact is wrong.
 pub fn assemble_rpath(current_rpath: &[String], needed_dirs: &[String]) -> Option<Vec<String>> {
-    let mut new_rpath = retained_entries(current_rpath);
-    let mut path_added = false;
-    for lib_str in needed_dirs {
-        if !new_rpath.contains(lib_str) {
-            new_rpath.push(lib_str.clone());
-            path_added = true;
-        }
-    }
-    if path_added {
-        Some(new_rpath)
-    } else {
-        None
-    }
+    Some(vec![]) /* ~ changed by cargo-mutants ~ */
 }
 
 fn compute_new_rpath(
     store_dir: &Path,
     elf_path: &Path,
     current_rpath: &[String],
 ) -> Result<Option<Vec<String>>> {
     // Resolve RPATH entries with $ORIGIN expansion


*** /usr/bin/cargo test --no-run --verbose --workspace
warning: profiles for the non root package will be ignored, specify profiles at the workspace root:
package:   /tmp/cargo-mutants-nix-ninja-rveA1s.tmp/vendor-n2/Cargo.toml
workspace: /tmp/cargo-mutants-nix-ninja-rveA1s.tmp/Cargo.toml
       Fresh unicode-ident v1.0.24
       Fresh cfg-if v1.0.4
       Fresh memchr v2.8.3
       Fresh pin-project-lite v0.2.17
       Fresh typenum v1.20.1
       Fresh bitflags v2.13.1
       Fresh once_cell v1.21.4
       Fresh unicode-segmentation v1.13.3
       Fresh itoa v1.0.18
       Fresh const-oid v0.10.2
       Fresh cpufeatures v0.3.0
       Fresh proc-macro2 v1.0.107
       Fresh hybrid-array v0.4.13
       Fresh aho-corasick v1.1.4
       Fresh convert_case v0.10.0
       Fresh shlex v2.0.1
       Fresh find-msvc-tools v0.1.9
       Fresh unicode-xid v0.2.6
       Fresh arrayvec v0.7.8
       Fresh quote v1.0.47
       Fresh libc v0.2.189
       Fresh serde_core v1.0.229
       Fresh zmij v1.0.23
       Fresh block-buffer v0.12.1
       Fresh crypto-common v0.2.2
       Fresh cc v1.3.0
       Fresh linux-raw-sys v0.12.1
       Fresh data-encoding v2.11.0
       Fresh semver v1.0.28
       Fresh constant_time_eq v0.4.2
       Fresh arrayref v0.3.9
       Fresh syn v2.0.119
       Fresh syn v3.0.3
       Fresh serde_json v1.0.151
       Fresh digest v0.11.3
       Fresh getrandom v0.4.3
       Fresh rustc_version v0.4.1
       Fresh tracing-core v0.1.36
       Fresh utf8parse v0.2.2
       Fresh autocfg v1.5.1
       Fresh md5 v0.8.1
       Fresh anstyle v1.0.14
       Fresh is_terminal_polyfill v1.70.2
       Fresh colorchoice v1.0.5
       Fresh anstyle-query v1.1.5
       Fresh lazy_static v1.5.0
       Fresh serde_derive v1.0.229
       Fresh thiserror-impl v2.0.19
       Fresh zerocopy-derive v0.8.55
       Fresh derive_more-impl v2.1.1
       Fresh sha2 v0.11.0
       Fresh rustix v1.1.4
       Fresh sha1 v0.11.0
       Fresh anyhow v1.0.104
       Fresh anstyle-parse v1.0.0
       Fresh curve25519-dalek-derive v0.1.1
       Fresh tracing-attributes v0.1.31
       Fresh strsim v0.11.1
       Fresh zeroize v1.9.0
       Fresh heck v0.5.0
       Fresh clap_lex v1.1.0
       Fresh smallvec v1.15.2
       Fresh serde v1.0.229
       Fresh thiserror v2.0.19
       Fresh zerocopy v0.8.55
       Fresh derive_more v2.1.1
       Fresh blake3 v1.8.5
       Fresh anstream v1.0.0
       Fresh terminal_size v0.4.4
       Fresh unicase v2.9.0
       Fresh signature v3.0.0
       Fresh unicode-width v0.2.2
       Fresh subtle v2.6.1
       Fresh clap_derive v4.6.4
       Fresh tracing v0.1.44
       Fresh log v0.4.33
       Fresh futures-core v0.3.33
       Fresh siphasher v1.0.3
       Fresh futures-sink v0.3.33
       Fresh harmonia-utils-base-encoding v0.0.0-alpha.0 (https://github.com/nix-community/harmonia.git?branch=main#4ec14354)
       Fresh bytes v1.12.1
       Fresh curve25519-dalek v5.0.0
       Fresh ed25519 v3.0.0
       Fresh clap_builder v4.6.2
       Fresh bstr v1.13.0
       Fresh hashbrown v0.17.1
       Fresh winnow v1.0.4
       Fresh equivalent v1.0.2
       Fresh same-file v1.0.6
       Fresh futures-channel v0.3.33
       Fresh futures-macro v0.3.33
       Fresh errno v0.3.14
       Fresh futures-io v0.3.33
       Fresh lexopt v0.3.2
       Fresh num-conv v0.2.2
       Fresh slab v0.4.12
       Fresh harmonia-utils-hash v0.0.0-alpha.0 (https://github.com/nix-community/harmonia.git?branch=main#4ec14354)
       Fresh clap v4.6.4
       Fresh ed25519-dalek v3.0.0
       Fresh indexmap v2.14.0
       Fresh toml_parser v1.1.2+spec-1.1.0
       Fresh walkdir v2.5.0
       Fresh time-core v0.1.9
       Fresh powerfmt v0.2.0
       Fresh futures-task v0.3.33
       Fresh deranged v0.5.8
       Fresh toml_datetime v1.1.1+spec-1.1.0
       Fresh cfg_aliases v0.2.2
       Fresh rustc-hash v1.1.0
       Fresh signal-hook-registry v1.4.8
       Fresh tracing-log v0.2.0
       Fresh tracing-serde v0.2.0
       Fresh harmonia-store-path v3.2.0 (https://github.com/nix-community/harmonia.git?branch=main#4ec14354)
       Fresh harmonia-utils-signature v3.2.0 (https://github.com/nix-community/harmonia.git?branch=main#4ec14354)
       Fresh time v0.3.54
       Fresh toml_edit v0.25.13+spec-1.1.0
       Fresh futures-util v0.3.33
       Fresh sharded-slab v0.1.7
       Fresh tokio-macros v2.7.1
       Fresh mio v1.2.2
       Fresh socket2 v0.6.5
       Fresh matchers v0.2.0
       Fresh thread_local v1.1.10
       Fresh regex-syntax v0.8.11
       Fresh nu-ansi-term v0.50.3
       Fresh memoffset v0.9.1
       Fresh harmonia-store-content-address v3.2.0 (https://github.com/nix-community/harmonia.git?branch=main#4ec14354)
       Fresh proc-macro-crate v3.5.0
       Fresh tracing-subscriber v0.3.23
       Fresh regex-automata v0.4.16
       Fresh tokio v1.53.1
       Fresh scopeguard v1.2.0
       Fresh version_check v0.9.5
       Fresh harmonia-file-core v3.2.0 (https://github.com/nix-community/harmonia.git?branch=main#4ec14354)
       Fresh async-stream-impl v0.3.6
       Fresh harmonia-store-derivation v0.0.0-alpha.0 (https://github.com/nix-community/harmonia.git?branch=main#4ec14354)
       Fresh rustversion v1.0.23
       Fresh num_enum_derive v0.7.6
       Fresh nix v0.31.3
       Fresh phf_generator v0.11.3
       Fresh lock_api v0.4.14
       Fresh tokio-util v0.7.19
       Fresh thiserror-impl v1.0.69
       Fresh regex v1.13.1
       Fresh ucd-trie v0.1.7
       Fresh parse-zoneinfo v0.3.1
       Fresh num_enum v0.7.6
       Fresh phf_codegen v0.11.3
       Fresh crossbeam-utils v0.8.22
       Fresh harmonia-utils-io v0.0.0-alpha.0 (https://github.com/nix-community/harmonia.git?branch=main#4ec14354)
       Fresh parking_lot_core v0.9.12
       Fresh pest v2.8.8
       Fresh camino v1.2.4
       Fresh harmonia-store-aterm v0.0.0-alpha.0 (https://github.com/nix-community/harmonia.git?branch=main#4ec14354)
       Fresh thiserror v1.0.69
       Fresh harmonia-store-path-info v3.2.0 (https://github.com/nix-community/harmonia.git?branch=main#4ec14354)
       Fresh async-stream v0.3.6
       Fresh harmonia-protocol-derive v3.2.0 (https://github.com/nix-community/harmonia.git?branch=main#4ec14354)
       Fresh getrandom v0.2.17
       Fresh parking_lot v0.12.5
       Fresh chrono-tz-build v0.3.0
       Fresh crossbeam-epoch v0.9.20
       Fresh harmonia-store-build-result v3.2.0 (https://github.com/nix-community/harmonia.git?branch=main#4ec14354)
       Fresh harmonia-file-nar v3.2.0 (https://github.com/nix-community/harmonia.git?branch=main#4ec14354)
       Fresh fnv v1.0.7
       Fresh num-traits v0.2.19
       Fresh pest_meta v2.8.8
       Fresh generic-array v0.14.7
       Fresh rand_core v0.6.4
       Fresh futures-executor v0.3.33
       Fresh globset v0.4.19
       Fresh phf_shared v0.11.3
       Fresh prometheus v0.14.0
       Fresh crossbeam-deque v0.8.7
       Fresh harmonia-protocol v3.2.0 (https://github.com/nix-community/harmonia.git?branch=main#4ec14354)
       Fresh ppv-lite86 v0.2.21
       Fresh adler2 v2.0.1
       Fresh symlink v0.1.0
       Fresh gimli v0.32.3
       Fresh elf v0.8.0
       Fresh shell-words v1.1.1
       Fresh is_executable v1.0.6
       Fresh iana-time-zone v0.1.65
       Fresh pest_generator v2.8.8
       Fresh rand_chacha v0.3.1
       Fresh addr2line v0.25.1
       Fresh libm v0.2.16
       Fresh ignore v0.4.31
       Fresh nix-nar v0.3.1
       Fresh owo-colors v4.3.0
       Fresh chrono v0.4.45
       Fresh miniz_oxide v0.8.9
       Fresh harmonia-store-remote v3.2.0 (https://github.com/nix-community/harmonia.git?branch=main#4ec14354)
       Fresh object v0.37.3
       Fresh futures v0.3.33
       Fresh phf v0.11.3
       Fresh tracing-error v0.2.1
       Fresh divan-macros v0.1.21
       Fresh regex-lite v0.1.9
       Fresh condtype v1.3.0
       Fresh rustc-demangle v0.1.28
       Fresh minimal-lexical v0.2.1
       Fresh bytemuck v1.25.2
       Fresh indenter v0.3.4
       Fresh deunicode v1.6.2
       Fresh rand v0.8.7
       Fresh color-spantrace v0.3.0
       Fresh chrono-tz v0.9.0
       Fresh humansize v2.1.3
       Fresh globwalk v0.9.1
       Fresh pest_derive v2.8.8
       Dirty nix-ninja-task v0.1.0 (/tmp/cargo-mutants-nix-ninja-rveA1s.tmp/crates/nix-ninja-task): the file `crates/nix-ninja-task/src/patchelf.rs` has changed (1788106978.679998798s, 2s after last build at 1788106976.741203479s)
   Compiling nix-ninja-task v0.1.0 (/tmp/cargo-mutants-nix-ninja-rveA1s.tmp/crates/nix-ninja-task)
       Fresh block-buffer v0.10.4
       Fresh crypto-common v0.1.7
       Fresh brownstone v3.0.0
       Fresh indent_write v2.2.0
       Fresh nom v7.1.3
       Fresh slug v0.1.6
       Fresh atomic v0.6.1
       Fresh backtrace v0.3.76
       Fresh eyre v0.6.12
       Fresh divan v0.1.21
       Fresh joinery v2.1.0
       Fresh percent-encoding v2.3.2
       Fresh digest v0.10.7
       Fresh either v1.16.0
       Fresh env_home v0.1.0
       Fresh glob v0.3.4
       Fresh cpufeatures v0.2.17
       Fresh shlex v1.3.0
       Fresh fastrand v2.5.0
       Fresh nom-supreme v0.8.0
       Fresh uuid v1.24.0
       Fresh color-eyre v0.6.5
       Fresh tera v1.20.1
       Fresh sha2 v0.10.9
       Fresh which v7.0.3
       Fresh tempfile v3.27.0
       Fresh nix-builder-rpc-client v0.1.0 (/tmp/cargo-mutants-nix-ninja-rveA1s.tmp/crates/nix-builder-rpc-client)
       Fresh deps-infer v0.1.0 (/tmp/cargo-mutants-nix-ninja-rveA1s.tmp/crates/deps-infer)
     Running `rustc --crate-name nix_ninja_task --edition=2021 crates/nix-ninja-task/src/lib.rs --error-format=json --json=diagnostic-rendered-ansi,artifacts,future-incompat --crate-type lib --emit=dep-info,metadata,link -C embed-bitcode=no -C debuginfo=2 --check-cfg 'cfg(docsrs,test)' --check-cfg 'cfg(feature, values())' -C metadata=8e526031a3a1266f -C extra-filename=-cd6519dc414e2734 --out-dir /tmp/cargo-mutants-nix-ninja-rveA1s.tmp/target/debug/deps -C incremental=/tmp/cargo-mutants-nix-ninja-rveA1s.tmp/target/debug/incremental -L dependency=/tmp/cargo-mutants-nix-ninja-rveA1s.tmp/target/debug/deps --extern anyhow=/tmp/cargo-mutants-nix-ninja-rveA1s.tmp/target/debug/deps/libanyhow-106f201ecf77d8b5.rmeta --extern clap=/tmp/cargo-mutants-nix-ninja-rveA1s.tmp/target/debug/deps/libclap-ad6111198e7c7116.rmeta --extern elf=/tmp/cargo-mutants-nix-ninja-rveA1s.tmp/target/debug/deps/libelf-20337ad876a64a36.rmeta --extern harmonia_store_derivation=/tmp/cargo-mutants-nix-ninja-rveA1s.tmp/target/debug/deps/libharmonia_store_derivation-4ac102c43157bccc.rmeta --extern harmonia_store_path=/tmp/cargo-mutants-nix-ninja-rveA1s.tmp/target/debug/deps/libharmonia_store_path-5a4c7077cf617a1f.rmeta -L native=/tmp/cargo-mutants-nix-ninja-rveA1s.tmp/target/debug/build/blake3-1eb27dba98e0e438/out -L native=/tmp/cargo-mutants-nix-ninja-rveA1s.tmp/target/debug/build/blake3-1eb27dba98e0e438/out`
     Running `rustc --crate-name nix_ninja_task --edition=2021 crates/nix-ninja-task/src/lib.rs --error-format=json --json=diagnostic-rendered-ansi,artifacts,future-incompat --emit=dep-info,link -C embed-bitcode=no -C debuginfo=2 --test --check-cfg 'cfg(docsrs,test)' --check-cfg 'cfg(feature, values())' -C metadata=eada34cbb5db433d -C extra-filename=-6b65072999e5ebdc --out-dir /tmp/cargo-mutants-nix-ninja-rveA1s.tmp/target/debug/deps -C incremental=/tmp/cargo-mutants-nix-ninja-rveA1s.tmp/target/debug/incremental -L dependency=/tmp/cargo-mutants-nix-ninja-rveA1s.tmp/target/debug/deps --extern anyhow=/tmp/cargo-mutants-nix-ninja-rveA1s.tmp/target/debug/deps/libanyhow-106f201ecf77d8b5.rlib --extern clap=/tmp/cargo-mutants-nix-ninja-rveA1s.tmp/target/debug/deps/libclap-ad6111198e7c7116.rlib --extern elf=/tmp/cargo-mutants-nix-ninja-rveA1s.tmp/target/debug/deps/libelf-20337ad876a64a36.rlib --extern harmonia_store_derivation=/tmp/cargo-mutants-nix-ninja-rveA1s.tmp/target/debug/deps/libharmonia_store_derivation-4ac102c43157bccc.rlib --extern harmonia_store_path=/tmp/cargo-mutants-nix-ninja-rveA1s.tmp/target/debug/deps/libharmonia_store_path-5a4c7077cf617a1f.rlib -L native=/tmp/cargo-mutants-nix-ninja-rveA1s.tmp/target/debug/build/blake3-1eb27dba98e0e438/out -L native=/tmp/cargo-mutants-nix-ninja-rveA1s.tmp/target/debug/build/blake3-1eb27dba98e0e438/out`
       Fresh include-graph v1.2.2 (https://github.com/hinshun/igraph?branch=performance-improvements#eb14705f)
       Fresh n2 v0.1.0 (/tmp/cargo-mutants-nix-ninja-rveA1s.tmp/vendor-n2)
warning: unused variable: `current_rpath`
   --> crates/nix-ninja-task/src/patchelf.rs:150:23
    |
150 | pub fn assemble_rpath(current_rpath: &[String], needed_dirs: &[String]) -> Option<Vec<String>> {
    |                       ^^^^^^^^^^^^^ help: if this is intentional, prefix it with an underscore: `_current_rpath`
    |
    = note: `#[warn(unused_variables)]` (part of `#[warn(unused)]`) on by default

warning: unused variable: `needed_dirs`
   --> crates/nix-ninja-task/src/patchelf.rs:150:49
    |
150 | pub fn assemble_rpath(current_rpath: &[String], needed_dirs: &[String]) -> Option<Vec<String>> {
    |                                                 ^^^^^^^^^^^ help: if this is intentional, prefix it with an underscore: `_needed_dirs`

warning: function `retained_entries` is never used
   --> crates/nix-ninja-task/src/patchelf.rs:131:4
    |
131 | fn retained_entries(current_rpath: &[String]) -> Vec<String> {
    |    ^^^^^^^^^^^^^^^^
    |
    = note: `#[warn(dead_code)]` (part of `#[warn(unused)]`) on by default

       Dirty nix-ninja v0.1.0 (/tmp/cargo-mutants-nix-ninja-rveA1s.tmp/crates/nix-ninja): the dependency `nix-ninja-task` was rebuilt
   Compiling nix-ninja v0.1.0 (/tmp/cargo-mutants-nix-ninja-rveA1s.tmp/crates/nix-ninja)
     Running `rustc --crate-name nix_ninja --edition=2021 crates/nix-ninja/src/lib.rs --error-format=json --json=diagnostic-rendered-ansi,artifacts,future-incompat --crate-type lib --emit=dep-info,metadata,link -C embed-bitcode=no -C debuginfo=2 --check-cfg 'cfg(docsrs,test)' --check-cfg 'cfg(feature, values())' -C metadata=213286c24981d72c -C extra-filename=-6f498af94005399e --out-dir /tmp/cargo-mutants-nix-ninja-rveA1s.tmp/target/debug/deps -C incremental=/tmp/cargo-mutants-nix-ninja-rveA1s.tmp/target/debug/incremental -L dependency=/tmp/cargo-mutants-nix-ninja-rveA1s.tmp/target/debug/deps --extern anyhow=/tmp/cargo-mutants-nix-ninja-rveA1s.tmp/target/debug/deps/libanyhow-106f201ecf77d8b5.rmeta --extern clap=/tmp/cargo-mutants-nix-ninja-rveA1s.tmp/target/debug/deps/libclap-ad6111198e7c7116.rmeta --extern deps_infer=/tmp/cargo-mutants-nix-ninja-rveA1s.tmp/target/debug/deps/libdeps_infer-86f427be5d5d8bc9.rmeta --extern harmonia_store_content_address=/tmp/cargo-mutants-nix-ninja-rveA1s.tmp/target/debug/deps/libharmonia_store_content_address-0d7b0ddae8df61e7.rmeta --extern harmonia_store_derivation=/tmp/cargo-mutants-nix-ninja-rveA1s.tmp/target/debug/deps/libharmonia_store_derivation-4ac102c43157bccc.rmeta --extern harmonia_store_path=/tmp/cargo-mutants-nix-ninja-rveA1s.tmp/target/debug/deps/libharmonia_store_path-5a4c7077cf617a1f.rmeta --extern harmonia_utils_hash=/tmp/cargo-mutants-nix-ninja-rveA1s.tmp/target/debug/deps/libharmonia_utils_hash-7b2a32d3732e6e74.rmeta --extern include_graph=/tmp/cargo-mutants-nix-ninja-rveA1s.tmp/target/debug/deps/libinclude_graph-07e594e19304ce8e.rmeta --extern libc=/tmp/cargo-mutants-nix-ninja-rveA1s.tmp/target/debug/deps/liblibc-7e3be5441bce5412.rmeta --extern n2=/tmp/cargo-mutants-nix-ninja-rveA1s.tmp/target/debug/deps/libn2-96850d9a48acf0bd.rmeta --extern nix_builder_rpc_client=/tmp/cargo-mutants-nix-ninja-rveA1s.tmp/target/debug/deps/libnix_builder_rpc_client-3fed4e274dcc449f.rmeta --extern nix_ninja_task=/tmp/cargo-mutants-nix-ninja-rveA1s.tmp/target/debug/deps/libnix_ninja_task-cd6519dc414e2734.rmeta --extern regex=/tmp/cargo-mutants-nix-ninja-rveA1s.tmp/target/debug/deps/libregex-a2fc6fcb319c4d62.rmeta --extern rustc_hash=/tmp/cargo-mutants-nix-ninja-rveA1s.tmp/target/debug/deps/librustc_hash-0b5a1f7cb64a3756.rmeta --extern serde=/tmp/cargo-mutants-nix-ninja-rveA1s.tmp/target/debug/deps/libserde-3ce62031acf974b9.rmeta --extern serde_json=/tmp/cargo-mutants-nix-ninja-rveA1s.tmp/target/debug/deps/libserde_json-a871125bd28f7622.rmeta --extern sha2=/tmp/cargo-mutants-nix-ninja-rveA1s.tmp/target/debug/deps/libsha2-93b41e5caa3766a7.rmeta --extern shell_words=/tmp/cargo-mutants-nix-ninja-rveA1s.tmp/target/debug/deps/libshell_words-1ce931c3ca540d6a.rmeta --extern walkdir=/tmp/cargo-mutants-nix-ninja-rveA1s.tmp/target/debug/deps/libwalkdir-0ba44b571dcdb197.rmeta --extern which=/tmp/cargo-mutants-nix-ninja-rveA1s.tmp/target/debug/deps/libwhich-e21bda6165950ffd.rmeta -L native=/tmp/cargo-mutants-nix-ninja-rveA1s.tmp/target/debug/build/blake3-1eb27dba98e0e438/out -L native=/tmp/cargo-mutants-nix-ninja-rveA1s.tmp/target/debug/build/blake3-1eb27dba98e0e438/out`
warning: `nix-ninja-task` (lib) generated 3 warnings (run `cargo fix --lib -p nix-ninja-task` to apply 2 suggestions)
     Running `rustc --crate-name nix_ninja --edition=2021 crates/nix-ninja/src/lib.rs --error-format=json --json=diagnostic-rendered-ansi,artifacts,future-incompat --emit=dep-info,link -C embed-bitcode=no -C debuginfo=2 --test --check-cfg 'cfg(docsrs,test)' --check-cfg 'cfg(feature, values())' -C metadata=32dfdc2a1949c0ef -C extra-filename=-1aba3d29f653a29c --out-dir /tmp/cargo-mutants-nix-ninja-rveA1s.tmp/target/debug/deps -C incremental=/tmp/cargo-mutants-nix-ninja-rveA1s.tmp/target/debug/incremental -L dependency=/tmp/cargo-mutants-nix-ninja-rveA1s.tmp/target/debug/deps --extern anyhow=/tmp/cargo-mutants-nix-ninja-rveA1s.tmp/target/debug/deps/libanyhow-106f201ecf77d8b5.rlib --extern clap=/tmp/cargo-mutants-nix-ninja-rveA1s.tmp/target/debug/deps/libclap-ad6111198e7c7116.rlib --extern deps_infer=/tmp/cargo-mutants-nix-ninja-rveA1s.tmp/target/debug/deps/libdeps_infer-86f427be5d5d8bc9.rlib --extern divan=/tmp/cargo-mutants-nix-ninja-rveA1s.tmp/target/debug/deps/libdivan-f6f97054b204fc9f.rlib --extern harmonia_store_content_address=/tmp/cargo-mutants-nix-ninja-rveA1s.tmp/target/debug/deps/libharmonia_store_content_address-0d7b0ddae8df61e7.rlib --extern harmonia_store_derivation=/tmp/cargo-mutants-nix-ninja-rveA1s.tmp/target/debug/deps/libharmonia_store_derivation-4ac102c43157bccc.rlib --extern harmonia_store_path=/tmp/cargo-mutants-nix-ninja-rveA1s.tmp/target/debug/deps/libharmonia_store_path-5a4c7077cf617a1f.rlib --extern harmonia_utils_hash=/tmp/cargo-mutants-nix-ninja-rveA1s.tmp/target/debug/deps/libharmonia_utils_hash-7b2a32d3732e6e74.rlib --extern include_graph=/tmp/cargo-mutants-nix-ninja-rveA1s.tmp/target/debug/deps/libinclude_graph-07e594e19304ce8e.rlib --extern libc=/tmp/cargo-mutants-nix-ninja-rveA1s.tmp/target/debug/deps/liblibc-7e3be5441bce5412.rlib --extern n2=/tmp/cargo-mutants-nix-ninja-rveA1s.tmp/target/debug/deps/libn2-96850d9a48acf0bd.rlib --extern nix_builder_rpc_client=/tmp/cargo-mutants-nix-ninja-rveA1s.tmp/target/debug/deps/libnix_builder_rpc_client-3fed4e274dcc449f.rlib --extern nix_ninja_task=/tmp/cargo-mutants-nix-ninja-rveA1s.tmp/target/debug/deps/libnix_ninja_task-cd6519dc414e2734.rlib --extern regex=/tmp/cargo-mutants-nix-ninja-rveA1s.tmp/target/debug/deps/libregex-a2fc6fcb319c4d62.rlib --extern rustc_hash=/tmp/cargo-mutants-nix-ninja-rveA1s.tmp/target/debug/deps/librustc_hash-0b5a1f7cb64a3756.rlib --extern serde=/tmp/cargo-mutants-nix-ninja-rveA1s.tmp/target/debug/deps/libserde-3ce62031acf974b9.rlib --extern serde_json=/tmp/cargo-mutants-nix-ninja-rveA1s.tmp/target/debug/deps/libserde_json-a871125bd28f7622.rlib --extern sha2=/tmp/cargo-mutants-nix-ninja-rveA1s.tmp/target/debug/deps/libsha2-93b41e5caa3766a7.rlib --extern shell_words=/tmp/cargo-mutants-nix-ninja-rveA1s.tmp/target/debug/deps/libshell_words-1ce931c3ca540d6a.rlib --extern walkdir=/tmp/cargo-mutants-nix-ninja-rveA1s.tmp/target/debug/deps/libwalkdir-0ba44b571dcdb197.rlib --extern which=/tmp/cargo-mutants-nix-ninja-rveA1s.tmp/target/debug/deps/libwhich-e21bda6165950ffd.rlib -L native=/tmp/cargo-mutants-nix-ninja-rveA1s.tmp/target/debug/build/blake3-1eb27dba98e0e438/out -L native=/tmp/cargo-mutants-nix-ninja-rveA1s.tmp/target/debug/build/blake3-1eb27dba98e0e438/out`
     Running `rustc --crate-name nix_ninja_task --edition=2021 crates/nix-ninja-task/src/main.rs --error-format=json --json=diagnostic-rendered-ansi,artifacts,future-incompat --emit=dep-info,link -C embed-bitcode=no -C debuginfo=2 --test --check-cfg 'cfg(docsrs,test)' --check-cfg 'cfg(feature, values())' -C metadata=aa4d5b4f5746cb1d -C extra-filename=-5d306986f7cce0e8 --out-dir /tmp/cargo-mutants-nix-ninja-rveA1s.tmp/target/debug/deps -C incremental=/tmp/cargo-mutants-nix-ninja-rveA1s.tmp/target/debug/incremental -L dependency=/tmp/cargo-mutants-nix-ninja-rveA1s.tmp/target/debug/deps --extern anyhow=/tmp/cargo-mutants-nix-ninja-rveA1s.tmp/target/debug/deps/libanyhow-106f201ecf77d8b5.rlib --extern clap=/tmp/cargo-mutants-nix-ninja-rveA1s.tmp/target/debug/deps/libclap-ad6111198e7c7116.rlib --extern elf=/tmp/cargo-mutants-nix-ninja-rveA1s.tmp/target/debug/deps/libelf-20337ad876a64a36.rlib --extern harmonia_store_derivation=/tmp/cargo-mutants-nix-ninja-rveA1s.tmp/target/debug/deps/libharmonia_store_derivation-4ac102c43157bccc.rlib --extern harmonia_store_path=/tmp/cargo-mutants-nix-ninja-rveA1s.tmp/target/debug/deps/libharmonia_store_path-5a4c7077cf617a1f.rlib --extern nix_ninja_task=/tmp/cargo-mutants-nix-ninja-rveA1s.tmp/target/debug/deps/libnix_ninja_task-cd6519dc414e2734.rlib -L native=/tmp/cargo-mutants-nix-ninja-rveA1s.tmp/target/debug/build/blake3-1eb27dba98e0e438/out -L native=/tmp/cargo-mutants-nix-ninja-rveA1s.tmp/target/debug/build/blake3-1eb27dba98e0e438/out`
warning: `nix-ninja-task` (lib test) generated 2 warnings (2 duplicates)
     Running `rustc --crate-name nix_ninja --edition=2021 crates/nix-ninja/src/main.rs --error-format=json --json=diagnostic-rendered-ansi,artifacts,future-incompat --emit=dep-info,link -C embed-bitcode=no -C debuginfo=2 --test --check-cfg 'cfg(docsrs,test)' --check-cfg 'cfg(feature, values())' -C metadata=ff4fd771c52ed4d6 -C extra-filename=-dc28fe3dc9e79bfb --out-dir /tmp/cargo-mutants-nix-ninja-rveA1s.tmp/target/debug/deps -C incremental=/tmp/cargo-mutants-nix-ninja-rveA1s.tmp/target/debug/incremental -L dependency=/tmp/cargo-mutants-nix-ninja-rveA1s.tmp/target/debug/deps --extern anyhow=/tmp/cargo-mutants-nix-ninja-rveA1s.tmp/target/debug/deps/libanyhow-106f201ecf77d8b5.rlib --extern clap=/tmp/cargo-mutants-nix-ninja-rveA1s.tmp/target/debug/deps/libclap-ad6111198e7c7116.rlib --extern deps_infer=/tmp/cargo-mutants-nix-ninja-rveA1s.tmp/target/debug/deps/libdeps_infer-86f427be5d5d8bc9.rlib --extern divan=/tmp/cargo-mutants-nix-ninja-rveA1s.tmp/target/debug/deps/libdivan-f6f97054b204fc9f.rlib --extern harmonia_store_content_address=/tmp/cargo-mutants-nix-ninja-rveA1s.tmp/target/debug/deps/libharmonia_store_content_address-0d7b0ddae8df61e7.rlib --extern harmonia_store_derivation=/tmp/cargo-mutants-nix-ninja-rveA1s.tmp/target/debug/deps/libharmonia_store_derivation-4ac102c43157bccc.rlib --extern harmonia_store_path=/tmp/cargo-mutants-nix-ninja-rveA1s.tmp/target/debug/deps/libharmonia_store_path-5a4c7077cf617a1f.rlib --extern harmonia_utils_hash=/tmp/cargo-mutants-nix-ninja-rveA1s.tmp/target/debug/deps/libharmonia_utils_hash-7b2a32d3732e6e74.rlib --extern include_graph=/tmp/cargo-mutants-nix-ninja-rveA1s.tmp/target/debug/deps/libinclude_graph-07e594e19304ce8e.rlib --extern libc=/tmp/cargo-mutants-nix-ninja-rveA1s.tmp/target/debug/deps/liblibc-7e3be5441bce5412.rlib --extern n2=/tmp/cargo-mutants-nix-ninja-rveA1s.tmp/target/debug/deps/libn2-96850d9a48acf0bd.rlib --extern nix_builder_rpc_client=/tmp/cargo-mutants-nix-ninja-rveA1s.tmp/target/debug/deps/libnix_builder_rpc_client-3fed4e274dcc449f.rlib --extern nix_ninja=/tmp/cargo-mutants-nix-ninja-rveA1s.tmp/target/debug/deps/libnix_ninja-6f498af94005399e.rlib --extern nix_ninja_task=/tmp/cargo-mutants-nix-ninja-rveA1s.tmp/target/debug/deps/libnix_ninja_task-cd6519dc414e2734.rlib --extern regex=/tmp/cargo-mutants-nix-ninja-rveA1s.tmp/target/debug/deps/libregex-a2fc6fcb319c4d62.rlib --extern rustc_hash=/tmp/cargo-mutants-nix-ninja-rveA1s.tmp/target/debug/deps/librustc_hash-0b5a1f7cb64a3756.rlib --extern serde=/tmp/cargo-mutants-nix-ninja-rveA1s.tmp/target/debug/deps/libserde-3ce62031acf974b9.rlib --extern serde_json=/tmp/cargo-mutants-nix-ninja-rveA1s.tmp/target/debug/deps/libserde_json-a871125bd28f7622.rlib --extern sha2=/tmp/cargo-mutants-nix-ninja-rveA1s.tmp/target/debug/deps/libsha2-93b41e5caa3766a7.rlib --extern shell_words=/tmp/cargo-mutants-nix-ninja-rveA1s.tmp/target/debug/deps/libshell_words-1ce931c3ca540d6a.rlib --extern walkdir=/tmp/cargo-mutants-nix-ninja-rveA1s.tmp/target/debug/deps/libwalkdir-0ba44b571dcdb197.rlib --extern which=/tmp/cargo-mutants-nix-ninja-rveA1s.tmp/target/debug/deps/libwhich-e21bda6165950ffd.rlib -L native=/tmp/cargo-mutants-nix-ninja-rveA1s.tmp/target/debug/build/blake3-1eb27dba98e0e438/out -L native=/tmp/cargo-mutants-nix-ninja-rveA1s.tmp/target/debug/build/blake3-1eb27dba98e0e438/out`
     Running `rustc --crate-name rpath_assembly --edition=2021 crates/nix-ninja/tests/rpath_assembly.rs --error-format=json --json=diagnostic-rendered-ansi,artifacts,future-incompat --emit=dep-info,link -C embed-bitcode=no -C debuginfo=2 --test --check-cfg 'cfg(docsrs,test)' --check-cfg 'cfg(feature, values())' -C metadata=633dda34e9421284 -C extra-filename=-231623fe91dab62b --out-dir /tmp/cargo-mutants-nix-ninja-rveA1s.tmp/target/debug/deps -C incremental=/tmp/cargo-mutants-nix-ninja-rveA1s.tmp/target/debug/incremental -L dependency=/tmp/cargo-mutants-nix-ninja-rveA1s.tmp/target/debug/deps --extern anyhow=/tmp/cargo-mutants-nix-ninja-rveA1s.tmp/target/debug/deps/libanyhow-106f201ecf77d8b5.rlib --extern clap=/tmp/cargo-mutants-nix-ninja-rveA1s.tmp/target/debug/deps/libclap-ad6111198e7c7116.rlib --extern deps_infer=/tmp/cargo-mutants-nix-ninja-rveA1s.tmp/target/debug/deps/libdeps_infer-86f427be5d5d8bc9.rlib --extern divan=/tmp/cargo-mutants-nix-ninja-rveA1s.tmp/target/debug/deps/libdivan-f6f97054b204fc9f.rlib --extern harmonia_store_content_address=/tmp/cargo-mutants-nix-ninja-rveA1s.tmp/target/debug/deps/libharmonia_store_content_address-0d7b0ddae8df61e7.rlib --extern harmonia_store_derivation=/tmp/cargo-mutants-nix-ninja-rveA1s.tmp/target/debug/deps/libharmonia_store_derivation-4ac102c43157bccc.rlib --extern harmonia_store_path=/tmp/cargo-mutants-nix-ninja-rveA1s.tmp/target/debug/deps/libharmonia_store_path-5a4c7077cf617a1f.rlib --extern harmonia_utils_hash=/tmp/cargo-mutants-nix-ninja-rveA1s.tmp/target/debug/deps/libharmonia_utils_hash-7b2a32d3732e6e74.rlib --extern include_graph=/tmp/cargo-mutants-nix-ninja-rveA1s.tmp/target/debug/deps/libinclude_graph-07e594e19304ce8e.rlib --extern libc=/tmp/cargo-mutants-nix-ninja-rveA1s.tmp/target/debug/deps/liblibc-7e3be5441bce5412.rlib --extern n2=/tmp/cargo-mutants-nix-ninja-rveA1s.tmp/target/debug/deps/libn2-96850d9a48acf0bd.rlib --extern nix_builder_rpc_client=/tmp/cargo-mutants-nix-ninja-rveA1s.tmp/target/debug/deps/libnix_builder_rpc_client-3fed4e274dcc449f.rlib --extern nix_ninja=/tmp/cargo-mutants-nix-ninja-rveA1s.tmp/target/debug/deps/libnix_ninja-6f498af94005399e.rlib --extern nix_ninja_task=/tmp/cargo-mutants-nix-ninja-rveA1s.tmp/target/debug/deps/libnix_ninja_task-cd6519dc414e2734.rlib --extern regex=/tmp/cargo-mutants-nix-ninja-rveA1s.tmp/target/debug/deps/libregex-a2fc6fcb319c4d62.rlib --extern rustc_hash=/tmp/cargo-mutants-nix-ninja-rveA1s.tmp/target/debug/deps/librustc_hash-0b5a1f7cb64a3756.rlib --extern serde=/tmp/cargo-mutants-nix-ninja-rveA1s.tmp/target/debug/deps/libserde-3ce62031acf974b9.rlib --extern serde_json=/tmp/cargo-mutants-nix-ninja-rveA1s.tmp/target/debug/deps/libserde_json-a871125bd28f7622.rlib --extern sha2=/tmp/cargo-mutants-nix-ninja-rveA1s.tmp/target/debug/deps/libsha2-93b41e5caa3766a7.rlib --extern shell_words=/tmp/cargo-mutants-nix-ninja-rveA1s.tmp/target/debug/deps/libshell_words-1ce931c3ca540d6a.rlib --extern walkdir=/tmp/cargo-mutants-nix-ninja-rveA1s.tmp/target/debug/deps/libwalkdir-0ba44b571dcdb197.rlib --extern which=/tmp/cargo-mutants-nix-ninja-rveA1s.tmp/target/debug/deps/libwhich-e21bda6165950ffd.rlib -L native=/tmp/cargo-mutants-nix-ninja-rveA1s.tmp/target/debug/build/blake3-1eb27dba98e0e438/out -L native=/tmp/cargo-mutants-nix-ninja-rveA1s.tmp/target/debug/build/blake3-1eb27dba98e0e438/out`
     Running `rustc --crate-name nix_ninja --edition=2021 crates/nix-ninja/src/main.rs --error-format=json --json=diagnostic-rendered-ansi,artifacts,future-incompat --crate-type bin --emit=dep-info,link -C embed-bitcode=no -C debuginfo=2 --check-cfg 'cfg(docsrs,test)' --check-cfg 'cfg(feature, values())' -C metadata=e9bd9e3f32499b8f -C extra-filename=-436ca3040974e64d --out-dir /tmp/cargo-mutants-nix-ninja-rveA1s.tmp/target/debug/deps -C incremental=/tmp/cargo-mutants-nix-ninja-rveA1s.tmp/target/debug/incremental -L dependency=/tmp/cargo-mutants-nix-ninja-rveA1s.tmp/target/debug/deps --extern anyhow=/tmp/cargo-mutants-nix-ninja-rveA1s.tmp/target/debug/deps/libanyhow-106f201ecf77d8b5.rlib --extern clap=/tmp/cargo-mutants-nix-ninja-rveA1s.tmp/target/debug/deps/libclap-ad6111198e7c7116.rlib --extern deps_infer=/tmp/cargo-mutants-nix-ninja-rveA1s.tmp/target/debug/deps/libdeps_infer-86f427be5d5d8bc9.rlib --extern harmonia_store_content_address=/tmp/cargo-mutants-nix-ninja-rveA1s.tmp/target/debug/deps/libharmonia_store_content_address-0d7b0ddae8df61e7.rlib --extern harmonia_store_derivation=/tmp/cargo-mutants-nix-ninja-rveA1s.tmp/target/debug/deps/libharmonia_store_derivation-4ac102c43157bccc.rlib --extern harmonia_store_path=/tmp/cargo-mutants-nix-ninja-rveA1s.tmp/target/debug/deps/libharmonia_store_path-5a4c7077cf617a1f.rlib --extern harmonia_utils_hash=/tmp/cargo-mutants-nix-ninja-rveA1s.tmp/target/debug/deps/libharmonia_utils_hash-7b2a32d3732e6e74.rlib --extern include_graph=/tmp/cargo-mutants-nix-ninja-rveA1s.tmp/target/debug/deps/libinclude_graph-07e594e19304ce8e.rlib --extern libc=/tmp/cargo-mutants-nix-ninja-rveA1s.tmp/target/debug/deps/liblibc-7e3be5441bce5412.rlib --extern n2=/tmp/cargo-mutants-nix-ninja-rveA1s.tmp/target/debug/deps/libn2-96850d9a48acf0bd.rlib --extern nix_builder_rpc_client=/tmp/cargo-mutants-nix-ninja-rveA1s.tmp/target/debug/deps/libnix_builder_rpc_client-3fed4e274dcc449f.rlib --extern nix_ninja=/tmp/cargo-mutants-nix-ninja-rveA1s.tmp/target/debug/deps/libnix_ninja-6f498af94005399e.rlib --extern nix_ninja_task=/tmp/cargo-mutants-nix-ninja-rveA1s.tmp/target/debug/deps/libnix_ninja_task-cd6519dc414e2734.rlib --extern regex=/tmp/cargo-mutants-nix-ninja-rveA1s.tmp/target/debug/deps/libregex-a2fc6fcb319c4d62.rlib --extern rustc_hash=/tmp/cargo-mutants-nix-ninja-rveA1s.tmp/target/debug/deps/librustc_hash-0b5a1f7cb64a3756.rlib --extern serde=/tmp/cargo-mutants-nix-ninja-rveA1s.tmp/target/debug/deps/libserde-3ce62031acf974b9.rlib --extern serde_json=/tmp/cargo-mutants-nix-ninja-rveA1s.tmp/target/debug/deps/libserde_json-a871125bd28f7622.rlib --extern sha2=/tmp/cargo-mutants-nix-ninja-rveA1s.tmp/target/debug/deps/libsha2-93b41e5caa3766a7.rlib --extern shell_words=/tmp/cargo-mutants-nix-ninja-rveA1s.tmp/target/debug/deps/libshell_words-1ce931c3ca540d6a.rlib --extern walkdir=/tmp/cargo-mutants-nix-ninja-rveA1s.tmp/target/debug/deps/libwalkdir-0ba44b571dcdb197.rlib --extern which=/tmp/cargo-mutants-nix-ninja-rveA1s.tmp/target/debug/deps/libwhich-e21bda6165950ffd.rlib -L native=/tmp/cargo-mutants-nix-ninja-rveA1s.tmp/target/debug/build/blake3-1eb27dba98e0e438/out -L native=/tmp/cargo-mutants-nix-ninja-rveA1s.tmp/target/debug/build/blake3-1eb27dba98e0e438/out`
     Running `rustc --crate-name include_dir_shadow --edition=2021 crates/nix-ninja/tests/include_dir_shadow.rs --error-format=json --json=diagnostic-rendered-ansi,artifacts,future-incompat --emit=dep-info,link -C embed-bitcode=no -C debuginfo=2 --test --check-cfg 'cfg(docsrs,test)' --check-cfg 'cfg(feature, values())' -C metadata=2d87a92b9c15cf2a -C extra-filename=-6734ec2d05406352 --out-dir /tmp/cargo-mutants-nix-ninja-rveA1s.tmp/target/debug/deps -C incremental=/tmp/cargo-mutants-nix-ninja-rveA1s.tmp/target/debug/incremental -L dependency=/tmp/cargo-mutants-nix-ninja-rveA1s.tmp/target/debug/deps --extern anyhow=/tmp/cargo-mutants-nix-ninja-rveA1s.tmp/target/debug/deps/libanyhow-106f201ecf77d8b5.rlib --extern clap=/tmp/cargo-mutants-nix-ninja-rveA1s.tmp/target/debug/deps/libclap-ad6111198e7c7116.rlib --extern deps_infer=/tmp/cargo-mutants-nix-ninja-rveA1s.tmp/target/debug/deps/libdeps_infer-86f427be5d5d8bc9.rlib --extern divan=/tmp/cargo-mutants-nix-ninja-rveA1s.tmp/target/debug/deps/libdivan-f6f97054b204fc9f.rlib --extern harmonia_store_content_address=/tmp/cargo-mutants-nix-ninja-rveA1s.tmp/target/debug/deps/libharmonia_store_content_address-0d7b0ddae8df61e7.rlib --extern harmonia_store_derivation=/tmp/cargo-mutants-nix-ninja-rveA1s.tmp/target/debug/deps/libharmonia_store_derivation-4ac102c43157bccc.rlib --extern harmonia_store_path=/tmp/cargo-mutants-nix-ninja-rveA1s.tmp/target/debug/deps/libharmonia_store_path-5a4c7077cf617a1f.rlib --extern harmonia_utils_hash=/tmp/cargo-mutants-nix-ninja-rveA1s.tmp/target/debug/deps/libharmonia_utils_hash-7b2a32d3732e6e74.rlib --extern include_graph=/tmp/cargo-mutants-nix-ninja-rveA1s.tmp/target/debug/deps/libinclude_graph-07e594e19304ce8e.rlib --extern libc=/tmp/cargo-mutants-nix-ninja-rveA1s.tmp/target/debug/deps/liblibc-7e3be5441bce5412.rlib --extern n2=/tmp/cargo-mutants-nix-ninja-rveA1s.tmp/target/debug/deps/libn2-96850d9a48acf0bd.rlib --extern nix_builder_rpc_client=/tmp/cargo-mutants-nix-ninja-rveA1s.tmp/target/debug/deps/libnix_builder_rpc_client-3fed4e274dcc449f.rlib --extern nix_ninja=/tmp/cargo-mutants-nix-ninja-rveA1s.tmp/target/debug/deps/libnix_ninja-6f498af94005399e.rlib --extern nix_ninja_task=/tmp/cargo-mutants-nix-ninja-rveA1s.tmp/target/debug/deps/libnix_ninja_task-cd6519dc414e2734.rlib --extern regex=/tmp/cargo-mutants-nix-ninja-rveA1s.tmp/target/debug/deps/libregex-a2fc6fcb319c4d62.rlib --extern rustc_hash=/tmp/cargo-mutants-nix-ninja-rveA1s.tmp/target/debug/deps/librustc_hash-0b5a1f7cb64a3756.rlib --extern serde=/tmp/cargo-mutants-nix-ninja-rveA1s.tmp/target/debug/deps/libserde-3ce62031acf974b9.rlib --extern serde_json=/tmp/cargo-mutants-nix-ninja-rveA1s.tmp/target/debug/deps/libserde_json-a871125bd28f7622.rlib --extern sha2=/tmp/cargo-mutants-nix-ninja-rveA1s.tmp/target/debug/deps/libsha2-93b41e5caa3766a7.rlib --extern shell_words=/tmp/cargo-mutants-nix-ninja-rveA1s.tmp/target/debug/deps/libshell_words-1ce931c3ca540d6a.rlib --extern walkdir=/tmp/cargo-mutants-nix-ninja-rveA1s.tmp/target/debug/deps/libwalkdir-0ba44b571dcdb197.rlib --extern which=/tmp/cargo-mutants-nix-ninja-rveA1s.tmp/target/debug/deps/libwhich-e21bda6165950ffd.rlib -L native=/tmp/cargo-mutants-nix-ninja-rveA1s.tmp/target/debug/build/blake3-1eb27dba98e0e438/out -L native=/tmp/cargo-mutants-nix-ninja-rveA1s.tmp/target/debug/build/blake3-1eb27dba98e0e438/out`
    Finished `test` profile [unoptimized + debuginfo] target(s) in 1.20s
  Executable `/tmp/cargo-mutants-nix-ninja-rveA1s.tmp/target/debug/deps/deps_infer-cb74eec4daed7309`
  Executable `/tmp/cargo-mutants-nix-ninja-rveA1s.tmp/target/debug/deps/deps_infer-0415fa32e3b027b2`
  Executable `/tmp/cargo-mutants-nix-ninja-rveA1s.tmp/target/debug/deps/n2-c300543a3b674b07`
  Executable `/tmp/cargo-mutants-nix-ninja-rveA1s.tmp/target/debug/deps/n2-e05ccc3aef6bef0f`
  Executable `/tmp/cargo-mutants-nix-ninja-rveA1s.tmp/target/debug/deps/e2e_test-1f438fc0af20965e`
  Executable `/tmp/cargo-mutants-nix-ninja-rveA1s.tmp/target/debug/deps/nix_builder_rpc_client-dd1a68edd98e649a`
  Executable `/tmp/cargo-mutants-nix-ninja-rveA1s.tmp/target/debug/deps/nix_ninja-1aba3d29f653a29c`
  Executable `/tmp/cargo-mutants-nix-ninja-rveA1s.tmp/target/debug/deps/nix_ninja-dc28fe3dc9e79bfb`
  Executable `/tmp/cargo-mutants-nix-ninja-rveA1s.tmp/target/debug/deps/include_dir_shadow-6734ec2d05406352`
  Executable `/tmp/cargo-mutants-nix-ninja-rveA1s.tmp/target/debug/deps/rpath_assembly-231623fe91dab62b`
  Executable `/tmp/cargo-mutants-nix-ninja-rveA1s.tmp/target/debug/deps/nix_ninja_task-6b65072999e5ebdc`
  Executable `/tmp/cargo-mutants-nix-ninja-rveA1s.tmp/target/debug/deps/nix_ninja_task-5d306986f7cce0e8`

*** result: Success

*** /usr/bin/cargo test --verbose --workspace
warning: profiles for the non root package will be ignored, specify profiles at the workspace root:
package:   /tmp/cargo-mutants-nix-ninja-rveA1s.tmp/vendor-n2/Cargo.toml
workspace: /tmp/cargo-mutants-nix-ninja-rveA1s.tmp/Cargo.toml
       Fresh unicode-ident v1.0.24
       Fresh cfg-if v1.0.4
       Fresh memchr v2.8.3
       Fresh pin-project-lite v0.2.17
       Fresh typenum v1.20.1
       Fresh bitflags v2.13.1
       Fresh once_cell v1.21.4
       Fresh unicode-segmentation v1.13.3
       Fresh itoa v1.0.18
       Fresh cpufeatures v0.3.0
       Fresh const-oid v0.10.2
       Fresh find-msvc-tools v0.1.9
       Fresh proc-macro2 v1.0.107
       Fresh hybrid-array v0.4.13
       Fresh aho-corasick v1.1.4
       Fresh convert_case v0.10.0
       Fresh unicode-xid v0.2.6
       Fresh arrayvec v0.7.8
       Fresh shlex v2.0.1
       Fresh data-encoding v2.11.0
       Fresh linux-raw-sys v0.12.1
       Fresh arrayref v0.3.9
       Fresh semver v1.0.28
       Fresh constant_time_eq v0.4.2
       Fresh quote v1.0.47
       Fresh libc v0.2.189
       Fresh serde_core v1.0.229
       Fresh zmij v1.0.23
       Fresh crypto-common v0.2.2
       Fresh block-buffer v0.12.1
       Fresh cc v1.3.0
       Fresh rustc_version v0.4.1
       Fresh tracing-core v0.1.36
       Fresh md5 v0.8.1
       Fresh autocfg v1.5.1
       Fresh utf8parse v0.2.2
       Fresh colorchoice v1.0.5
       Fresh anstyle-query v1.1.5
       Fresh anstyle v1.0.14
       Fresh is_terminal_polyfill v1.70.2
       Fresh subtle v2.6.1
       Fresh clap_lex v1.1.0
       Fresh syn v2.0.119
       Fresh syn v3.0.3
       Fresh serde_json v1.0.151
       Fresh digest v0.11.3
       Fresh getrandom v0.4.3
       Fresh rustix v1.1.4
       Fresh anstyle-parse v1.0.0
       Fresh strsim v0.11.1
       Fresh lazy_static v1.5.0
       Fresh zeroize v1.9.0
       Fresh signature v3.0.0
       Fresh heck v0.5.0
       Fresh unicase v2.9.0
       Fresh smallvec v1.15.2
       Fresh unicode-width v0.2.2
       Fresh log v0.4.33
       Fresh futures-core v0.3.33
       Fresh futures-sink v0.3.33
       Fresh siphasher v1.0.3
       Fresh serde_derive v1.0.229
       Fresh thiserror-impl v2.0.19
       Fresh derive_more-impl v2.1.1
       Fresh zerocopy-derive v0.8.55
       Fresh sha2 v0.11.0
       Fresh sha1 v0.11.0
       Fresh anyhow v1.0.104
       Fresh anstream v1.0.0
       Fresh curve25519-dalek-derive v0.1.1
       Fresh terminal_size v0.4.4
       Fresh tracing-attributes v0.1.31
       Fresh ed25519 v3.0.0
       Fresh clap_derive v4.6.4
       Fresh bstr v1.13.0
       Fresh hashbrown v0.17.1
       Fresh equivalent v1.0.2
       Fresh same-file v1.0.6
       Fresh winnow v1.0.4
       Fresh futures-channel v0.3.33
       Fresh futures-macro v0.3.33
       Fresh serde v1.0.229
       Fresh thiserror v2.0.19
       Fresh derive_more v2.1.1
       Fresh zerocopy v0.8.55
       Fresh blake3 v1.8.5
       Fresh tracing v0.1.44
       Fresh curve25519-dalek v5.0.0
       Fresh clap_builder v4.6.2
       Fresh toml_parser v1.1.2+spec-1.1.0
       Fresh indexmap v2.14.0
       Fresh walkdir v2.5.0
       Fresh errno v0.3.14
       Fresh toml_datetime v1.1.1+spec-1.1.0
       Fresh num-conv v0.2.2
       Fresh lexopt v0.3.2
       Fresh time-core v0.1.9
       Fresh futures-task v0.3.33
       Fresh cfg_aliases v0.2.2
       Fresh deranged v0.5.8
       Fresh futures-io v0.3.33
       Fresh rustc-hash v1.1.0
       Fresh harmonia-utils-base-encoding v0.0.0-alpha.0 (https://github.com/nix-community/harmonia.git?branch=main#4ec14354)
       Fresh bytes v1.12.1
       Fresh ed25519-dalek v3.0.0
       Fresh clap v4.6.4
       Fresh powerfmt v0.2.0
       Fresh slab v0.4.12
       Fresh tracing-serde v0.2.0
       Fresh signal-hook-registry v1.4.8
       Fresh toml_edit v0.25.13+spec-1.1.0
       Fresh tracing-log v0.2.0
       Fresh tokio-macros v2.7.1
       Fresh sharded-slab v0.1.7
       Fresh mio v1.2.2
       Fresh socket2 v0.6.5
       Fresh matchers v0.2.0
       Fresh thread_local v1.1.10
       Fresh nu-ansi-term v0.50.3
       Fresh regex-syntax v0.8.11
       Fresh harmonia-utils-hash v0.0.0-alpha.0 (https://github.com/nix-community/harmonia.git?branch=main#4ec14354)
       Fresh harmonia-utils-signature v3.2.0 (https://github.com/nix-community/harmonia.git?branch=main#4ec14354)
       Fresh futures-util v0.3.33
       Fresh time v0.3.54
       Fresh proc-macro-crate v3.5.0
       Fresh tokio v1.53.1
       Fresh regex-automata v0.4.16
       Fresh memoffset v0.9.1
       Fresh scopeguard v1.2.0
       Fresh version_check v0.9.5
       Fresh harmonia-file-core v3.2.0 (https://github.com/nix-community/harmonia.git?branch=main#4ec14354)
       Fresh thiserror-impl v1.0.69
       Fresh harmonia-store-path v3.2.0 (https://github.com/nix-community/harmonia.git?branch=main#4ec14354)
       Fresh tracing-subscriber v0.3.23
       Fresh rustversion v1.0.23
       Fresh num_enum_derive v0.7.6
       Fresh nix v0.31.3
       Fresh lock_api v0.4.14
       Fresh tokio-util v0.7.19
       Fresh async-stream-impl v0.3.6
       Fresh regex v1.13.1
       Fresh ucd-trie v0.1.7
       Fresh harmonia-protocol-derive v3.2.0 (https://github.com/nix-community/harmonia.git?branch=main#4ec14354)
       Fresh harmonia-store-content-address v3.2.0 (https://github.com/nix-community/harmonia.git?branch=main#4ec14354)
       Fresh phf_generator v0.11.3
       Fresh crossbeam-utils v0.8.22
       Fresh parse-zoneinfo v0.3.1
       Fresh parking_lot_core v0.9.12
       Fresh harmonia-utils-io v0.0.0-alpha.0 (https://github.com/nix-community/harmonia.git?branch=main#4ec14354)
       Fresh num_enum v0.7.6
       Fresh async-stream v0.3.6
       Fresh thiserror v1.0.69
       Fresh camino v1.2.4
       Fresh pest v2.8.8
       Fresh getrandom v0.2.17
       Fresh fnv v1.0.7
       Fresh futures-executor v0.3.33
       Fresh ppv-lite86 v0.2.21
       Fresh harmonia-store-derivation v0.0.0-alpha.0 (https://github.com/nix-community/harmonia.git?branch=main#4ec14354)
       Fresh phf_codegen v0.11.3
       Fresh parking_lot v0.12.5
       Fresh harmonia-file-nar v3.2.0 (https://github.com/nix-community/harmonia.git?branch=main#4ec14354)
       Fresh crossbeam-epoch v0.9.20
       Fresh harmonia-store-path-info v3.2.0 (https://github.com/nix-community/harmonia.git?branch=main#4ec14354)
       Fresh num-traits v0.2.19
       Fresh generic-array v0.14.7
       Fresh pest_meta v2.8.8
       Fresh rand_core v0.6.4
       Fresh globset v0.4.19
       Fresh phf_shared v0.11.3
       Fresh iana-time-zone v0.1.65
       Fresh adler2 v2.0.1
       Fresh symlink v0.1.0
       Fresh shell-words v1.1.1
       Fresh is_executable v1.0.6
       Fresh harmonia-store-aterm v0.0.0-alpha.0 (https://github.com/nix-community/harmonia.git?branch=main#4ec14354)
       Fresh chrono-tz-build v0.3.0
       Fresh harmonia-store-build-result v3.2.0 (https://github.com/nix-community/harmonia.git?branch=main#4ec14354)
       Fresh prometheus v0.14.0
       Fresh crossbeam-deque v0.8.7
       Fresh gimli v0.32.3
       Fresh elf v0.8.0
       Fresh miniz_oxide v0.8.9
       Fresh chrono v0.4.45
       Fresh libm v0.2.16
       Fresh pest_generator v2.8.8
       Fresh owo-colors v4.3.0
       Fresh phf v0.11.3
       Fresh nix-nar v0.3.1
       Fresh object v0.37.3
       Fresh rand_chacha v0.3.1
       Fresh futures v0.3.33
       Fresh tracing-error v0.2.1
       Fresh divan-macros v0.1.21
       Fresh rustc-demangle v0.1.28
       Fresh harmonia-protocol v3.2.0 (https://github.com/nix-community/harmonia.git?branch=main#4ec14354)
       Fresh addr2line v0.25.1
       Fresh ignore v0.4.31
       Fresh indenter v0.3.4
       Fresh regex-lite v0.1.9
       Fresh condtype v1.3.0
       Fresh deunicode v1.6.2
       Fresh minimal-lexical v0.2.1
       Fresh bytemuck v1.25.2
       Fresh color-spantrace v0.3.0
       Fresh humansize v2.1.3
warning: unused variable: `current_rpath`
   --> crates/nix-ninja-task/src/patchelf.rs:150:23
    |
150 | pub fn assemble_rpath(current_rpath: &[String], needed_dirs: &[String]) -> Option<Vec<String>> {
    |                       ^^^^^^^^^^^^^ help: if this is intentional, prefix it with an underscore: `_current_rpath`
    |
    = note: `#[warn(unused_variables)]` (part of `#[warn(unused)]`) on by default

warning: unused variable: `needed_dirs`
   --> crates/nix-ninja-task/src/patchelf.rs:150:49
    |
150 | pub fn assemble_rpath(current_rpath: &[String], needed_dirs: &[String]) -> Option<Vec<String>> {
    |                                                 ^^^^^^^^^^^ help: if this is intentional, prefix it with an underscore: `_needed_dirs`

warning: function `retained_entries` is never used
   --> crates/nix-ninja-task/src/patchelf.rs:131:4
    |
131 | fn retained_entries(current_rpath: &[String]) -> Vec<String> {
    |    ^^^^^^^^^^^^^^^^
    |
    = note: `#[warn(dead_code)]` (part of `#[warn(unused)]`) on by default

       Fresh pest_derive v2.8.8
       Fresh rand v0.8.7
       Fresh block-buffer v0.10.4
       Fresh crypto-common v0.1.7
       Fresh brownstone v3.0.0
       Fresh percent-encoding v2.3.2
       Fresh indent_write v2.2.0
       Fresh joinery v2.1.0
warning: `nix-ninja-task` (lib) generated 3 warnings (run `cargo fix --lib -p nix-ninja-task` to apply 2 suggestions)
       Fresh harmonia-store-remote v3.2.0 (https://github.com/nix-community/harmonia.git?branch=main#4ec14354)
       Fresh globwalk v0.9.1
       Fresh backtrace v0.3.76
       Fresh nom v7.1.3
       Fresh slug v0.1.6
       Fresh divan v0.1.21
       Fresh atomic v0.6.1
       Fresh eyre v0.6.12
       Fresh digest v0.10.7
       Fresh either v1.16.0
       Fresh cpufeatures v0.2.17
       Fresh env_home v0.1.0
       Fresh shlex v1.3.0
       Fresh glob v0.3.4
       Fresh fastrand v2.5.0
       Fresh nix-ninja-task v0.1.0 (/tmp/cargo-mutants-nix-ninja-rveA1s.tmp/crates/nix-ninja-task)
       Fresh deps-infer v0.1.0 (/tmp/cargo-mutants-nix-ninja-rveA1s.tmp/crates/deps-infer)
warning: `nix-ninja-task` (lib test) generated 2 warnings (2 duplicates)
       Fresh chrono-tz v0.9.0
       Fresh nom-supreme v0.8.0
       Fresh uuid v1.24.0
       Fresh color-eyre v0.6.5
       Fresh which v7.0.3
       Fresh sha2 v0.10.9
       Fresh tempfile v3.27.0
       Fresh tera v1.20.1
       Fresh nix-builder-rpc-client v0.1.0 (/tmp/cargo-mutants-nix-ninja-rveA1s.tmp/crates/nix-builder-rpc-client)
       Fresh n2 v0.1.0 (/tmp/cargo-mutants-nix-ninja-rveA1s.tmp/vendor-n2)
       Fresh include-graph v1.2.2 (https://github.com/hinshun/igraph?branch=performance-improvements#eb14705f)
       Fresh nix-ninja v0.1.0 (/tmp/cargo-mutants-nix-ninja-rveA1s.tmp/crates/nix-ninja)
    Finished `test` profile [unoptimized + debuginfo] target(s) in 0.10s
     Running `/tmp/cargo-mutants-nix-ninja-rveA1s.tmp/target/debug/deps/deps_infer-cb74eec4daed7309`

running 27 tests
test c_include_parser::tests::a_missing_header_that_was_never_declared_virtual_still_fails ... ok
test c_include_parser::tests::lexical_normalize_keeps_symlinks_and_leading_parents ... ok
test gcc_include_parser::tests::idirafter_sorts_last_and_demotes_its_early_i_twin ... ok
test gcc_include_parser::tests::test_basic_cases ... ok
test c_include_parser::tests::virtual_path_lookup_matches_scan_semantics ... ok
test gcc_include_parser::tests::test_absolute_paths ... ok
test gcc_include_parser::tests::test_multiple_includes ... ok
test gcc_include_parser::tests::test_invalid_syntax ... ok
test gcc_include_parser::tests::iquote_isystem_idirafter_are_include_dirs ... ok
test gcc_depfile_parser::tests::test_create_deps_command ... ok
test gcc_include_parser::tests::test_multiple_spaces ... ok
test gcc_include_parser::tests::test_paths_with_spaces ... ok
test gcc_include_parser::tests::test_mixed_with_other_options ... ok
test gcc_include_parser::tests::test_paths_with_special_chars ... ok
test gcc_include_parser::tests::test_relative_paths ... ok
test c_include_parser::tests::include_regex_covers_embed_without_over_matching ... ok
test c_include_parser::tests::a_declared_virtual_header_that_does_not_exist_yet_scans_as_empty ... ok
test c_include_parser::tests::nasm_percent_include_is_scanned ... ok
test c_include_parser::tests::computed_include_resolving_through_include_dir_keeps_that_head ... ok
test c_include_parser::tests::computed_include_through_same_file_define_is_declared ... ok
test c_include_parser::tests::computed_include_through_cross_file_define_is_declared ... ok
test c_include_parser::tests::directive_with_space_after_hash_still_scans ... ok
test c_include_parser::tests::non_utf8_line_does_not_end_the_scan ... ok
test c_include_parser::tests::directive_cache_hits_across_tus_and_invalidates_on_edit ... FAILED
test c_include_parser::tests::function_like_computed_include_reports_the_scan_incomplete ... FAILED
test c_include_parser::tests::guarded_default_declares_both_candidate_headers ... FAILED
test c_include_parser::tests::symlinked_include_dir_declares_nested_quoted_include_at_both_spellings ... FAILED

failures:

---- c_include_parser::tests::directive_cache_hits_across_tus_and_invalidates_on_edit stdout ----

thread 'c_include_parser::tests::directive_cache_hits_across_tus_and_invalidates_on_edit' (21513) panicked at crates/deps-infer/src/c_include_parser.rs:1122:9:
assertion `left == right` failed: the edit cost one re-parse
  left: 2
 right: 1
note: run with `RUST_BACKTRACE=1` environment variable to display a backtrace

---- c_include_parser::tests::function_like_computed_include_reports_the_scan_incomplete stdout ----

thread 'c_include_parser::tests::function_like_computed_include_reports_the_scan_incomplete' (21515) panicked at crates/deps-infer/src/c_include_parser.rs:717:40:
called `Result::unwrap()` on an `Err` value: PoisonError { .. }

---- c_include_parser::tests::guarded_default_declares_both_candidate_headers stdout ----

thread 'c_include_parser::tests::guarded_default_declares_both_candidate_headers' (21516) panicked at crates/deps-infer/src/c_include_parser.rs:799:40:
called `Result::unwrap()` on an `Err` value: PoisonError { .. }

---- c_include_parser::tests::symlinked_include_dir_declares_nested_quoted_include_at_both_spellings stdout ----

thread 'c_include_parser::tests::symlinked_include_dir_declares_nested_quoted_include_at_both_spellings' (21522) panicked at crates/deps-infer/src/c_include_parser.rs:934:40:
called `Result::unwrap()` on an `Err` value: PoisonError { .. }


failures:
    c_include_parser::tests::directive_cache_hits_across_tus_and_invalidates_on_edit
    c_include_parser::tests::function_like_computed_include_reports_the_scan_incomplete
    c_include_parser::tests::guarded_default_declares_both_candidate_headers
    c_include_parser::tests::symlinked_include_dir_declares_nested_quoted_include_at_both_spellings

test result: FAILED. 23 passed; 4 failed; 0 ignored; 0 measured; 0 filtered out; finished in 0.01s

error: test failed, to rerun pass `-p deps-infer --lib`

*** result: Failure(101)
